Comandos disponibles:
  load <arch_1> <arch_2> ... <arch_n>
  addAndInc <string>
  member <string>
  maximum
  q|quit
> La listá esta procesada
> Finalizamos ejecución
