Comandos disponibles:
  load <arch_1> <arch_2> ... <arch_n>
  addAndInc <string>
  member <string>
  maximum
  q|quit
> El string <palabras> no está
> El string <que> no está
> El string <no> no está
> El string <estan> no está
> Finalizamos ejecución
